// Jest Snapshot v1, https://goo.gl/fbAQLP

exports[`Snapshot Testing Testing Footer 1`] = `
Array [
  <hr />,
  <center>
    <h3>
      Â© Developers Funnel 
       
       
    </h3>
  </center>,
]
`;
